// Jest Snapshot v1, https://goo.gl/fbAQLP

exports[`matches snapshot 1`] = `
<DocumentFragment>
  <div
    class="p-8 w-full h-full bg-white flex"
  >
    <div
      class="w-1/3 p-4"
    >
      <button
        class="text-gray-600 text-2xl mb-4"
      >
        <svg
          fill="currentColor"
          height="1em"
          stroke="currentColor"
          stroke-width="0"
          viewBox="0 0 448 512"
          width="1em"
          xmlns="http://www.w3.org/2000/svg"
        >
          <path
            d="M257.5 445.1l-22.2 22.2c-9.4 9.4-24.6 9.4-33.9 0L7 273c-9.4-9.4-9.4-24.6 0-33.9L201.4 44.7c9.4-9.4 24.6-9.4 33.9 0l22.2 22.2c9.5 9.5 9.3 25-.4 34.3L136.6 216H424c13.3 0 24 10.7 24 24v32c0 13.3-10.7 24-24 24H136.6l120.5 114.8c9.8 9.3 10 24.8.4 34.3z"
          />
        </svg>
      </button>
      <h3
        class="text-2xl font-semibold mb-4"
      >
        Sample Assignment
      </h3>
      <p
        class="text-gray-600"
      >
        <strong>
          Created by:
        </strong>
         Unknown
      </p>
      <p
        class="text-gray-600"
      >
        <strong>
          Description:
        </strong>
         
      </p>
      <p
        class="text-gray-600"
      >
        <strong>
          Due Date:
        </strong>
         Invalid Date
      </p>
      <div
        class="mt-4"
      >
        <label
          class="block text-gray-700"
        >
          Upload Document:
        </label>
        <input
          class="border p-2 w-full"
          type="file"
        />
      </div>
      <button
        class="bg-blue-500 mt-6 text-white px-4 py-2 rounded-md shadow hover:bg-blue-600"
      >
        Submit
      </button>
    </div>
    <div
      class="w-2/3 border-l p-4 h-full flex justify-center items-center"
    >
      <p
        class="text-gray-600"
      >
        No uploaded document found.
      </p>
    </div>
  </div>
</DocumentFragment>
`;
